  0.295716852      0.329593688               3
  0.356672734      0.219832435               3
  0.339375108      0.137750626               3
  0.295992821      0.222600535               3
  0.577249110      0.241794080               3
  0.633384705      0.178693086               3
  0.614480257      0.277977675               3
  0.237229109      0.311325669               3
  0.407195717      0.331808180               3
  0.426234931      0.215665355               3
  0.394965023      0.137913197               3
  0.346925288      0.225889817               3
  0.626629055      0.241241515               3
  0.682247221      0.180075020               3
  0.663170338      0.281052738               3
  0.285861641      0.312314183               3
  0.455809146      0.329772800               3
  0.474841833      0.213191628               3
  0.443569750      0.137809604               3
  0.395529389      0.228645056               3
  0.675232887      0.241466492               3
  0.730851114      0.181909993               3
  0.378440768      0.306489825               3
  0.223354295      0.208334267               3
  0.467375755      0.323268116               3
  0.511099994      0.210266531               3
  0.488058329      0.136727899               3
  0.442761421      0.230928317               3
  0.723379374      0.242111444               3
  0.779302359      0.183997497               3
  0.426993698      0.305399209               3
  0.271941155      0.207909077               3
  0.515973985      0.320821166               3
  0.559701920      0.207614645               3
  0.536661386      0.136671662               3
  0.491364866      0.233695507               3
  0.771982968      0.242418855               3
  0.827906072      0.185908079               3
  0.475597471      0.304355919               3
  0.320544928      0.207555607               3
  0.564577639      0.318389714               3
  0.608305454      0.204981536               3
  0.585265160      0.136694551               3
  0.539968669      0.236476123               3
  0.487253577      0.400072306               3
  0.432065457      0.371633887               3
  0.376053005      0.256515265               3
  0.319765836      0.154202640               3
  0.263387114      0.197363183               3
  0.540311217      0.240923747               3
  0.595002949      0.160127118               3
  0.575617075      0.242324859               3
  0.531538725      0.403522104               3
  0.479229599      0.370272249               3
  0.424176902      0.254101127               3
  0.368209690      0.153113604               3
  0.311937600      0.199663952               3
  0.588897169      0.240456209               3
  0.643600702      0.161132991               3
  0.624218881      0.245281935               3
  0.246808514      0.303362340               3
  0.416722149      0.353275001               3
  0.435743600      0.241464764               3
  0.404467732      0.142786950               3
  0.356426030      0.198654309               3
  0.636129200      0.240673631               3
  0.691747189      0.162668854               3
  0.672670186      0.248338610               3
  0.295361549      0.303830981               3
  0.465308815      0.350932091               3
  0.484341651      0.238625020               3
  0.453069538      0.141621768               3
  0.405029267      0.201029971               3
  0.684732735      0.240270406               3
  0.740350783      0.163777247               3
  0.721273839      0.251308352               3
  0.343965203      0.304372072               3
  0.513912618      0.348607242               3
  0.532945454      0.235797763               3
  0.501673400      0.140525043               3
  0.453632981      0.203431994               3
  0.733336449      0.239911869               3
  0.788954675      0.164943695               3
  0.436544329      0.317310750               3
  0.281457931      0.214117795               3
  0.525479376      0.345743984               3
  0.569203377      0.234367311               3
  0.546161830      0.139469802               3
  0.500864923      0.205540895               3
  0.448149681      0.362185448               3
  0.726294816      0.298894137               3
  0.448060274      0.311342061               3
  0.317698956      0.202312455               3
  0.236628845      0.189301923               3
  0.505322456      0.247787818               3
  0.557270706      0.151192844               3
  0.536970437      0.208965555               3
  0.492587239      0.365085661               3
  0.440176517      0.384302914               3
  0.385089964      0.279527009               3
  0.389192462      0.277220726               9
  0.377184153      0.254159719               9
  0.320598096      0.226620615               9
  0.481281072      0.314336687               9
  0.443882912      0.235397965               9
  0.384475648      0.263083309               9
  0.544845164      0.254090637               9
  0.396301121      0.247261792               9
  0.435655445      0.329837322               9
  0.495887399      0.224469841               9
  0.447327942      0.213681281               9
  0.386680633      0.211998284               9
  0.769134641      0.181712314               9
  0.534155369      0.221034378               9
  0.563905895      0.322490901               9
  0.511959612      0.296056062               9
  0.562047005      0.272753060               9
  0.512360334      0.266696393               9
  0.562699020      0.305395335               9
  0.513040304      0.261718422               9
  0.563381851      0.281514823               9
  0.624834716      0.338859349               9
  0.354188621      0.270830959               9
  0.268865019      0.228206053               9
  0.537466049      0.313437432               9
  0.623169839      0.225491986               9
  0.466329575      0.203226388               9
  0.393650979      0.337416142               9
  0.552545965      0.242027596               9
  0.626060188      0.233636335               9
  0.356754392      0.265903652               9
  0.382690758      0.286619574               9
  0.441431791      0.238815993               9
  0.392706752      0.236364976               9
  0.554263234      0.227957025               9
  0.516961992      0.233025283               9
  0.568676710      0.352509826               9
  0.630282044      0.266880274               9
  0.581875265      0.237346247               9
  0.410133719      0.262896091               9
  0.780243874      0.228209466               9
  0.543893099      0.249465913               9
  0.462380081      0.280175805               9
  0.509182274      0.302285969               9
  0.570241809      0.332203895               9
  0.299552143      0.261853725               9
  0.436445832      0.309594512               9
  0.396404386      0.213032603               9
  0.336703509      0.208919942               9
  0.719262660      0.250094026               9
  0.484295160      0.218454912               9
  0.514046907      0.224965751               9
  0.462100774      0.343109787               9
  0.623299301      0.244911805               9
  0.363736212      0.199491158               9
  0.390755087      0.272651315               9
  0.449616551      0.238755837               9
  0.623126924      0.192608699               9
  0.476042956      0.324469179               9
  0.626670599      0.281839550               9
  0.477044046      0.312856644               9
  0.405167073      0.329141438               9
  0.675262213      0.239879936               9
  0.316687584      0.229769737               9
  0.332705170      0.263721585               9
  0.501455188      0.297372699               9
  0.576064527      0.208431900               9
  0.417991459      0.302137971               9
  0.456287056      0.325621396               9
  0.405290186      0.244936600               9
  0.455483109      0.210804120               9
  0.516919374      0.277804404               9
  0.579604864      0.247251600               9
  0.531318009      0.278140992               9
  0.692923248      0.236619055               9
  0.655627549      0.184136018               9
  0.374009490      0.268599927               9
  0.620800018      0.321231604               9
  0.481858253      0.243877515               9
  0.522279561      0.163330078               9
  0.471518874      0.331682116               9
  0.743960142      0.187957689               9
  0.496757507      0.314148784               9
  0.414038628      0.322226495               9
  0.571818054      0.313201547               9
  0.534097254      0.298107356               9
  0.363542974      0.314107746               9
  0.511562943      0.259427369               9
  0.472757697      0.205958128               9
  0.413194150      0.332075596               9
  0.684657395      0.249549285               9
  0.326234847      0.228336260               9
  0.342269331      0.176773787               9
  0.399910152      0.292413682               9
  0.573285103      0.162256747               9
  0.315074891      0.237694427               9
  0.564466357      0.245447740               9
  0.536924660      0.281030238               9
  0.478612572      0.272617787               9
  0.639103889      0.286545426               9
  0.444699168      0.300847441              27
  0.387350351      0.305687904              27
  0.348444134      0.258318037              27
  0.421332031      0.272918463              27
  0.461323589      0.265795380              27
  0.351948559      0.254430830              27
  0.570374608      0.248963475              27
  0.393534273      0.233620539              27
  0.461313516      0.267438769              27
  0.501115859      0.256107867              27
  0.428770840      0.236601621              27
  0.352272183      0.255090266              27
  0.645990074      0.305995047              27
  0.471938163      0.253843099              27
  0.539820790      0.327260226              27
  0.505552769      0.291106701              27
  0.504538476      0.307709157              27
  0.541792810      0.277808607              27
  0.469353318      0.328981280              27
  0.540999293      0.239850745              27
  0.469833732      0.302342623              27
  0.504489958      0.294150412              27
  0.431954265      0.272949129              27
  0.355448604      0.254612744              27
  0.501018047      0.281213135              27
  0.580738425      0.269984543              27
  0.435797840      0.253308594              27
  0.504758596      0.302966863              27
  0.433493495      0.307250082              27
  0.542220056      0.288009316              27
  0.472427815      0.319993615              27
  0.507134676      0.317160368              27
  0.471638083      0.262216985              27
  0.396504223      0.293113410              27
  0.468050361      0.233536392              27
  0.507992208      0.280934423              27
  0.509726405      0.279988706              27
  0.473008394      0.265954584              27
  0.508940458      0.276449949              27
  0.436452031      0.250349551              27
  0.545133293      0.294463187              27
  0.475339204      0.280638009              27
  0.510046124      0.275175452              27
  0.511586666      0.303155422              27
  0.474861473      0.308956444              27
  0.436719179      0.298601270              27
  0.472598344      0.295454264              27
  0.474182129      0.254689932              27
  0.548569739      0.245411858              27
  0.588616788      0.245852038              27
  0.442206740      0.241748169              27
  0.548150063      0.267193586              27
  0.478254706      0.303331226              27
  0.587031960      0.261305988              27
  0.480204612      0.300365686              27
  0.476502806      0.276513577              27
  0.439583600      0.287541717              27
  0.475508124      0.300930798              27
  0.477093548      0.308521360              27
  0.440370053      0.322190285              27
  0.476301908      0.297279835              27
  0.514924586      0.282858282              27
  0.479572892      0.268595368              27
  0.478518486      0.281477422              27
  0.441697299      0.295599639              27
  0.514662504      0.267423481              27
  0.554656744      0.235025078              27
  0.408244848      0.260567605              27
  0.477151036      0.232178375              27
  0.442921013      0.275375336              27
  0.515982151      0.253675371              27
  0.555980146      0.274465859              27
  0.668827474      0.262133479              27
  0.599187791      0.264438212              27
  0.559826374      0.287330240              27
  0.447512269      0.302218437              27
  0.480644435      0.307633698              27
  0.556200564      0.310397178              27
  0.485179693      0.270674556              27
  0.519841254      0.204704374              27
  0.484342784      0.285185784              27
  0.520319879      0.245834276              27
  0.558944345      0.298896968              27
  0.449518621      0.274919629              27
  0.519794881      0.302361190              27
  0.596726596      0.292045563              27
  0.414645612      0.297818065              27
  0.519267976      0.277011245              27
  0.449323624      0.292081624              27
  0.446987927      0.301219046              27
  0.558267415      0.323081225              27
  0.451532632      0.272961110              27
  0.484871417      0.266239822              27
  0.412286967      0.286788642              27
  0.520964622      0.240104884              27
  0.488207608      0.287839770              27
  0.450212240      0.259135276              27
  0.560171008      0.272561759              27
  0.490424335      0.278399289              27
  0.562170029      0.293249935              27
  0.510939538      0.296321511              81
  0.497323036      0.308474034              81
  0.477230489      0.295008093              81
  0.457057953      0.314716011              81
  0.498613000      0.250818193              81
  0.491547108      0.279195309              81
  0.533263803      0.247039303              81
  0.415088981      0.288818032              81
  0.529508054      0.265125692              81
  0.510996342      0.266326696              81
  0.503188968      0.295821339              81
  0.495513827      0.313747317              81
  0.586605549      0.291196167              81
  0.506077409      0.274649292              81
  0.534541488      0.286758572              81
  0.465585589      0.287492931              81
  0.481847078      0.304840744              81
  0.573234439      0.282242239              81
  0.468018472      0.309260607              81
  0.483832091      0.269975722              81
  0.513485670      0.304429859              81
  0.506272912      0.310408831              81
  0.473913729      0.280475259              81
  0.478281081      0.278290123              81
  0.532484591      0.287619948              81
  0.525575161      0.282151729              81
  0.505565286      0.249934003              81
  0.473048121      0.270402730              81
  0.465067863      0.296047121              81
  0.543810427      0.295707226              81
  0.475475222      0.274667710              81
  0.504090071      0.285999000              81
  0.484518826      0.288427025              81
  0.427315712      0.301969707              81
  0.517796218      0.256504446              81
  0.548371553      0.279184818              81
  0.479441792      0.277187228              81
  0.495703429      0.279423147              81
  0.513016760      0.270105273              81
  0.468614548      0.272935390              81
  0.534561932      0.303800374              81
  0.466068745      0.285739779              81
  0.482335865      0.289282829              81
  0.487303495      0.298361182              81
  0.479786068      0.275657564              81
  0.435077518      0.291933715              81
  0.525712311      0.284656763              81
  0.494561046      0.257741481              81
  0.523634851      0.269405901              81
  0.516414821      0.269101888              81
  0.447018564      0.252180994              81
  0.512657166      0.287735760              81
  0.481197357      0.291636527              81
  0.534958422      0.289402008              81
  0.478660971      0.303835481              81
  0.458041400      0.271916121              81
  0.462553620      0.298769027              81
  0.504413247      0.303049237              81
  0.509697080      0.274971187              81
  0.502183557      0.315990210              81
  0.506857574      0.287232816              81
  0.499336421      0.275481135              81
  0.479319245      0.272956431              81
  0.496184826      0.289746106              81
  0.464122683      0.303030312              81
  0.493185312      0.293548912              81
  0.498310983      0.279976904              81
  0.416721404      0.288147897              81
  0.469863713      0.290058732              81
  0.462941110      0.281602561              81
  0.541696668      0.259223133              81
  0.522744358      0.284850687              81
  0.539623022      0.289338171              81
  0.507561266      0.258751750              81
  0.548969388      0.270927340              81
  0.480173379      0.303722233              81
  0.496436566      0.301871806              81
  0.501404345      0.306015432              81
  0.555615187      0.283450484              81
  0.524014533      0.275356412              81
  0.491354197      0.294938892              81
  0.520409167      0.271193415              81
  0.525534809      0.298695952              81
  0.480982363      0.302852809              81
  0.485199153      0.287890524              81
  0.490017921      0.287021935              81
  0.470153242      0.309548289              81
  0.511711955      0.281664848              81
  0.479954898      0.287218690              81
  0.521366656      0.284347266              81
  0.538990676      0.290996581              81
  0.445209652      0.261180848              81
  0.522892773      0.268410057              81
  0.466890275      0.293638766              81
  0.495657235      0.278371215              81
  0.537816405      0.279470384              81
  0.469029754      0.291247785              81
  0.534675658      0.295855492              81
  0.515561700      0.289086610              81
  0.495401353      0.285025567              81
  0.516525269      0.286338717             243
  0.516657412      0.300016850             243
  0.494088560      0.277777672             243
  0.516694009      0.296324015             243
  0.481871873      0.269188970             243
  0.504426479      0.286296964             243
  0.510756552      0.292814285             243
  0.455291539      0.296435684             243
  0.506568015      0.281612545             243
  0.492439777      0.279090434             243
  0.519195199      0.287097126             243
  0.517312050      0.289037913             243
  0.531771779      0.290889651             243
  0.501031816      0.286082506             243
  0.490681350      0.295074075             243
  0.451608390      0.289644063             243
  0.474145949      0.293842643             243
  0.525743246      0.278790206             243
  0.515732050      0.300755292             243
  0.480775684      0.290458202             243
  0.503329635      0.290659130             243
  0.513775051      0.304152340             243
  0.515939891      0.279237330             243
  0.493379533      0.290042788             243
  0.515984774      0.288923383             243
  0.522315025      0.287171245             243
  0.532693386      0.270910472             243
  0.522512317      0.288562655             243
  0.495785654      0.292425245             243
  0.518374026      0.283426553             243
  0.504127979      0.284175754             243
  0.493845612      0.297840655             243
  0.508271158      0.278801531             243
  0.456954479      0.295746297             243
  0.491786897      0.278616458             243
  0.531089365      0.279140234             243
  0.488105506      0.284626454             243
  0.531202912      0.283769339             243
  0.492349982      0.285130352             243
  0.465505362      0.279968888             243
  0.504554033      0.305544317             243
  0.482145339      0.275160074             243
  0.475944668      0.289442360             243
  0.490386605      0.304460257             243
  0.480222464      0.299079746             243
  0.523454905      0.301314533             243
  0.517524421      0.284832716             243
  0.499045670      0.269466966             243
  0.505206883      0.280714482             243
  0.503238738      0.270372152             243
  0.484776855      0.284402341             243
  0.519744456      0.289229065             243
  0.509664774      0.276656359             243
  0.528206050      0.294569641             243
  0.522173882      0.293028265             243
  0.474888265      0.296689153             243
  0.464469939      0.286630154             243
  0.503586113      0.283291191             243
  0.514099360      0.277700543             243
  0.503919005      0.311350614             243
  0.501883924      0.292516798             243
  0.503997326      0.284685463             243
  0.489667237      0.298538834             243
  0.499960810      0.286856443             243
  0.498009741      0.297878385             243
  0.500123739      0.306007266             243
  0.498139292      0.276713878             243
  0.479676694      0.292753428             243
  0.485838115      0.293150097             243
  0.483870268      0.296086103             243
  0.514790773      0.280943453             243
  0.512924850      0.292049497             243
  0.494462669      0.289296806             243
  0.521200061      0.276579589             243
  0.523432195      0.291822672             243
  0.492641240      0.292561829             243
  0.498751909      0.292712778             243
  0.488553286      0.300154477             243
  0.544131219      0.277971566             243
  0.464177221      0.300483137             243
  0.498892128      0.281586438             243
  0.505271971      0.286750108             243
  0.503305256      0.284368277             243
  0.513649642      0.300255001             243
  0.487007558      0.285054594             243
  0.484904468      0.282759279             243
  0.470556855      0.294451088             243
  0.517887533      0.300562233             243
  0.479051858      0.282985300             243
  0.513935745      0.290492058             243
  0.524431825      0.293557465             243
  0.489559978      0.282274038             243
  0.524460018      0.276030362             243
  0.481458306      0.288977325             243
  0.512210011      0.291705400             243
  0.502112746      0.274723142             243
  0.508308172      0.294262081             243
  0.531031966      0.290522516             243
  0.508556128      0.289313912             243
  0.506470442      0.294632256             243
  0.492439479      0.281604648             729
  0.484867215      0.295398295             729
  0.479353845      0.286020249             729
  0.505392313      0.300664753             729
  0.488951385      0.281743318             729
  0.494399250      0.293307692             729
  0.512222648      0.290033370             729
  0.487540036      0.290624559             729
  0.503950238      0.281811684             729
  0.497097135      0.282332927             729
  0.509417713      0.283817708             729
  0.495699942      0.294498950             729
  0.509382546      0.299898207             729
  0.494295686      0.284279913             729
  0.495630383      0.289434105             729
  0.476411134      0.289311469             729
  0.506546974      0.288566530             729
  0.527148306      0.289597929             729
  0.491494417      0.295679361             729
  0.490057468      0.284692883             729
  0.501012862      0.289316773             729
  0.513357222      0.289549589             729
  0.513357997      0.285231292             729
  0.502367496      0.290711969             729
  0.500964344      0.292411268             729
  0.502317607      0.287188977             729
  0.507789493      0.286681563             729
  0.507780910      0.286181122             729
  0.480329514      0.291492343             729
  0.510453939      0.288987994             729
  0.502248228      0.292461812             729
  0.492618382      0.288894534             729
  0.485730290      0.288701564             729
  0.493934751      0.286413133             729
  0.476096839      0.287825316             729
  0.511721075      0.290601045             729
  0.496664405      0.292783171             729
  0.502114654      0.291418880             729
  0.481529295      0.289550871             729
  0.491087139      0.287138671             729
  0.493827313      0.292162210             729
  0.495186269      0.283229917             729
  0.480082333      0.289945424             729
  0.499249667      0.293931067             729
  0.496516138      0.288361430             729
  0.511584520      0.293970138             729
  0.515704691      0.284185678             729
  0.497860998      0.282793492             729
  0.501935363      0.291146994             729
  0.497809172      0.284113705             729
  0.508761466      0.282973111             729
  0.507387698      0.292280734             729
  0.493652135      0.276444376             729
  0.507334530      0.292092949             729
  0.505965114      0.287000269             729
  0.496344507      0.293042570             729
  0.479853839      0.290908515             729
  0.488045514      0.286875069             729
  0.505872846      0.288772702             729
  0.496278316      0.296808392             729
  0.504479706      0.293297857             729
  0.488013297      0.287653774             729
  0.501691461      0.294000268             729
  0.494835615      0.288377732             729
  0.479720533      0.291840702             729
  0.500259280      0.293081582             729
  0.500271440      0.279096693             729
  0.486537069      0.285246283             729
  0.489245385      0.290191084             729
  0.483745754      0.292200625             729
  0.505669892      0.277381152             729
  0.496081471      0.294790536             729
  0.497423202      0.300415099             729
  0.508382440      0.285918593             729
  0.486433327      0.294415891             729
  0.486386687      0.293356866             729
  0.505574882      0.289621532             729
  0.489123851      0.294662803             729
  0.509660900      0.289217353             729
  0.493211746      0.288792610             729
  0.506890178      0.288993359             729
  0.494546682      0.289008200             729
  0.504115462      0.287382454             729
  0.510971248      0.288025200             729
  0.497246474      0.295266032             729
  0.497211695      0.290044248             729
  0.504053831      0.299776167             729
  0.499931276      0.295916200             729
  0.488935471      0.288202822             729
  0.510851741      0.290740788             729
  0.493032545      0.289832294             729
  0.494363576      0.287242323             729
  0.512181640      0.285057366             729
  0.520419836      0.293839484             729
  0.495723814      0.288087219             729
  0.503903985      0.277774304             729
  0.490180910      0.294684708             729
  0.516208768      0.289264441             729
  0.498395503      0.287130147             729
  0.494239539      0.292597443             729
  0.500972092      0.284156561            2187
  0.499201655      0.288114190            2187
  0.489427060      0.288040996            2187
  0.501597106      0.289938152            2187
  0.498687804      0.291251779            2187
  0.497601837      0.293165833            2187
  0.507489979      0.291459531            2187
  0.492233217      0.288957626            2187
  0.499829471      0.287653446            2187
  0.505605161      0.285318762            2187
  0.496749878      0.286726743            2187
  0.499774992      0.293411136            2187
  0.508750558      0.288768351            2187
  0.496695518      0.285749644            2187
  0.499261945      0.289884090            2187
  0.484917045      0.287910551            2187
  0.508059680      0.288981825            2187
  0.510642231      0.288614541            2187
  0.494011015      0.292848319            2187
  0.500235260      0.286781758            2187
  0.497780532      0.288052589            2187
  0.496693105      0.285485119            2187
  0.513896883      0.284529209            2187
  0.498187602      0.293139398            2187
  0.497552007      0.292151153            2187
  0.501496255      0.286305308            2187
  0.505899727      0.288566947            2187
  0.505272985      0.285547644            2187
  0.492298901      0.294582903            2187
  0.504010141      0.289377362            2187
  0.504301727      0.290321559            2187
  0.489041686      0.291113496            2187
  0.497094214      0.288589120            2187
  0.499669850      0.287571043            2187
  0.478467554      0.290211469            2187
  0.505721092      0.291831642            2187
  0.490930974      0.294197291            2187
  0.504013658      0.289654881            2187
  0.498361111      0.292552859            2187
  0.498645276      0.290471464            2187
  0.498017281      0.289865762            2187
  0.498760104      0.290040106            2187
  0.491272718      0.290631682            2187
  0.498872221      0.288208008            2187
  0.508764088      0.286629826            2187
  0.507225931      0.288093805            2187
  0.504310369      0.285970807            2187
  0.489049345      0.290668577            2187
  0.497101247      0.290717870            2187
  0.497848332      0.288590878            2187
  0.497677863      0.289419264            2187
  0.503450990      0.284126192            2187
  0.492309004      0.285927147            2187
  0.508136094      0.293319911            2187
  0.503857791      0.291465461            2187
  0.497283041      0.289200813            2187
  0.489334732      0.291079253            2187
  0.496019453      0.285861075            2187
  0.498594999      0.288662106            2187
  0.504826546      0.293563694            2187
  0.503744304      0.292718351            2187
  0.494427741      0.287693083            2187
  0.501568258      0.286316752            2187
  0.487225473      0.290615588            2187
  0.491163492      0.288630903            2187
  0.494651973      0.291090906            2187
  0.496768862      0.284141541            2187
  0.494770229      0.289984167            2187
  0.494597971      0.291805446            2187
  0.483453751      0.292917550            2187
  0.503395617      0.283885002            2187
  0.492259741      0.292519063            2187
  0.493912905      0.290237129            2187
  0.501972675      0.287734360            2187
  0.492660254      0.292759150            2187
  0.494314611      0.291258156            2187
  0.495972693      0.290252030            2187
  0.502204299      0.294133008            2187
  0.514381528      0.289159596            2187
  0.498669624      0.288506538            2187
  0.509008050      0.288010091            2187
  0.496953726      0.291285127            2187
  0.508207858      0.289150685            2187
  0.505756199      0.288924873            2187
  0.502384126      0.291399211            2187
  0.497638345      0.288433462            2187
  0.506153166      0.296396583            2187
  0.502327383      0.291530550            2187
  0.495753318      0.287946552            2187
  0.507924914      0.290738076            2187
  0.495871484      0.289402843            2187
  0.504839718      0.289236993            2187
  0.507415831      0.289365143            2187
  0.503588140      0.289035320            2187
  0.503872693      0.284758300            2187
  0.494099379      0.286475241            2187
  0.497581542      0.290412873            2187
  0.504271328      0.288517624            2187
  0.497244120      0.293829411            2187
  0.496613443      0.291003376            2187
  0.501239121      0.287123710            6561
  0.500651360      0.291047007            6561
  0.501358211      0.285478741            6561
  0.501911223      0.289786190            6561
  0.500635922      0.289876163            6561
  0.502103448      0.290085346            6561
  0.502810657      0.287508309            6561
  0.502297938      0.289993703            6561
  0.503005385      0.287630290            6561
  0.502796948      0.288623840            6561
  0.501369298      0.286292970            6561
  0.500703156      0.290230006            6561
  0.502019405      0.288228154            6561
  0.494649678      0.288545519            6561
  0.495810300      0.288920045            6561
  0.498956203      0.290578187            6561
  0.507435918      0.290727615            6561
  0.504637539      0.289158791            6561
  0.495132595      0.289142758            6561
  0.501476347      0.287235618            6561
  0.495477945      0.291111916            6561
  0.498773783      0.291238308            6561
  0.509082496      0.289370358            6561
  0.501256168      0.288246244            6561
  0.495407552      0.285409600            6561
  0.504037738      0.286659926            6561
  0.499411374      0.289097100            6561
  0.496611923      0.286425501            6561
  0.497165650      0.293187916            6561
  0.499396563      0.288993925            6561
  0.505589426      0.292675942            6561
  0.495628119      0.289870530            6561
  0.502886951      0.288301289            6561
  0.502374291      0.287078381            6561
  0.495155662      0.289738327            6561
  0.499214232      0.289285243            6561
  0.493671507      0.290144145            6561
  0.499102652      0.289949447            6561
  0.497371793      0.288489372            6561
  0.502345800      0.288059771            6561
  0.500765741      0.288291097            6561
  0.494918734      0.289198905            6561
  0.493490785      0.287920713            6561
  0.501817763      0.288886040            6561
  0.503437817      0.289732277            6561
  0.505365193      0.290504307            6561
  0.498907179      0.288421482            6561
  0.498850971      0.289224505            6561
  0.499253362      0.289789349            6561
  0.498741120      0.287406355            6561
  0.500818372      0.288731307            6561
  0.502287209      0.285871744            6561
  0.496287346      0.287775964            6561
  0.500650764      0.290148616            6561
  0.503339767      0.290061861            6561
  0.498406738      0.286627442            6561
  0.494083196      0.290375829            6561
  0.494940370      0.286884964            6561
  0.494580388      0.288516760            6561
  0.501840770      0.289978266            6561
  0.501633883      0.289233804            6561
  0.506151378      0.287485451            6561
  0.497408032      0.289688736            6561
  0.495216399      0.291503549            6561
  0.495008022      0.290737510            6561
  0.500439882      0.286746055            6561
  0.495507687      0.286836833            6561
  0.505359173      0.287133604            6561
  0.497378707      0.288720846            6561
  0.496254653      0.290775001            6561
  0.502142966      0.288797677            6561
  0.492333859      0.290350497            6561
  0.495933712      0.287577540            6561
  0.498622417      0.288210541            6561
  0.500396132      0.286915869            6561
  0.498817354      0.290165842            6561
  0.500131845      0.288533926            6561
  0.497790277      0.289350212            6561
  0.511451662      0.287634224            6561
  0.503321171      0.288408369            6561
  0.504026234      0.289910555            6561
  0.501074612      0.290652156            6561
  0.500255764      0.287698418            6561
  0.500048101      0.289529890            6561
  0.501820445      0.287679762            6561
  0.496888638      0.289775431            6561
  0.496222913      0.291149199            6561
  0.504549503      0.288237661            6561
  0.497636557      0.288461655            6561
  0.502457917      0.289674789            6561
  0.497829378      0.289634049            6561
  0.505546272      0.289582431            6561
  0.497108072      0.290434569            6561
  0.496595263      0.285924047            6561
  0.504007638      0.288197339            6561
  0.498924136      0.288083702            6561
  0.498409450      0.291491538            6561
  0.498657852      0.288075715            6561
  0.498603612      0.289008647            6561
  0.500375926      0.289366275            6561
  0.499571472      0.288749695           19683
  0.498482198      0.289471298           19683
  0.502500832      0.287575752           19683
  0.499762058      0.288713753           19683
  0.501694143      0.289497554           19683
  0.501802206      0.289843917           19683
  0.499569356      0.288311273           19683
  0.502166092      0.289861143           19683
  0.501559913      0.289102763           19683
  0.500855029      0.288736254           19683
  0.501772404      0.287206322           19683
  0.500505447      0.290156215           19683
  0.500358224      0.289042920           19683
  0.498075366      0.289903164           19683
  0.500872552      0.289008379           19683
  0.498946995      0.289351910           19683
  0.503169298      0.289362460           19683
  0.502005160      0.288933754           19683
  0.497233689      0.288644493           19683
  0.499065965      0.286955982           19683
  0.501608908      0.288508534           19683
  0.499834329      0.288494468           19683
  0.501009583      0.288409144           19683
  0.503858149      0.289316267           19683
  0.498679310      0.285639435           19683
  0.498988122      0.287216544           19683
  0.500923693      0.289070606           19683
  0.498843819      0.288174421           19683
  0.499254882      0.289906561           19683
  0.500884593      0.288127363           19683
  0.503835678      0.290822208           19683
  0.500283003      0.288489670           19683
  0.501404285      0.287893504           19683
  0.503389895      0.288072169           19683
  0.499278098      0.289742082           19683
  0.499639511      0.289542675           19683
  0.498828202      0.288501352           19683
  0.500310123      0.288834393           19683
  0.498940587      0.287425876           19683
  0.500672042      0.288011342           19683
  0.501284182      0.287728339           19683
  0.496564895      0.288697869           19683
  0.500431061      0.288131028           19683
  0.502616644      0.288632452           19683
  0.499776483      0.289501756           19683
  0.500646591      0.289034098           19683
  0.496686161      0.288342506           19683
  0.502075255      0.288362801           19683
  0.498625934      0.289033800           19683
  0.499492496      0.287122518           19683
  0.502291560      0.287615776           19683
  0.498943508      0.286090910           19683
  0.500471175      0.287845939           19683
  0.499357402      0.288854718           19683
  0.496262431      0.290157706           19683
  0.499569237      0.287156492           19683
  0.495812237      0.288100034           19683
  0.497896403      0.288024932           19683
  0.496582597      0.287595838           19683
  0.500247598      0.289278984           19683
  0.502076864      0.287366182           19683
  0.504011810      0.288643360           19683
  0.499646902      0.288922668           19683
  0.500414252      0.289351135           19683
  0.499906629      0.289289474           19683
  0.501844168      0.288773775           19683
  0.500375152      0.287889212           19683
  0.504342198      0.288340002           19683
  0.498606175      0.288505733           19683
  0.497136682      0.289512336           19683
  0.498715371      0.289465934           19683
  0.497855753      0.290466279           19683
  0.499435395      0.287569553           19683
  0.503095090      0.288557887           19683
  0.502288520      0.288163662           19683
  0.498783857      0.289295703           19683
  0.499552667      0.288292676           19683
  0.497218102      0.288389236           19683
  0.502864063      0.288769484           19683
  0.498752505      0.287868142           19683
  0.499061197      0.290057421           19683
  0.500386775      0.290119916           19683
  0.498204857      0.288255811           19683
  0.496684998      0.288689584           19683
  0.499329418      0.287100613           19683
  0.502281904      0.288641274           19683
  0.498070151      0.290099740           19683
  0.502138078      0.289322644           19683
  0.497011125      0.288545191           19683
  0.500015855      0.288671166           19683
  0.499762088      0.288876653           19683
  0.501238823      0.288694918           19683
  0.502311707      0.289867669           19683
  0.497487932      0.287862182           19683
  0.498914421      0.288418919           19683
  0.500949979      0.288359851           19683
  0.498163611      0.291276395           19683
  0.500501633      0.289046764           19683
  0.497915745      0.288081378           19683
  0.500359356      0.288804263           19683
